// Jest Snapshot v1, https://goo.gl/fbAQLP

exports[`Item render should render usual item 1`] = `
ShallowWrapper {
  "complexSelector": ComplexSelector {
    "buildPredicate": [Function],
    "childrenOfNode": [Function],
    "findWhereUnwrapped": [Function],
  },
  "length": 1,
  "node": <Item>
    <Image
        alt="Hello, World"
        as="img"
        src="/images/World.jpg"
        ui={true}
    />
    <ItemContent>
        <ItemHeader>
            <Link
                onlyActiveOnIndex={false}
                style={Object {}}
                to="/posts/5"
            >
                Hello, World!
            </Link>
        </ItemHeader>
        <Meta />
    </ItemContent>
</Item>,
  "nodes": Array [
    <Item>
      <Image
            alt="Hello, World"
            as="img"
            src="/images/World.jpg"
            ui={true}
      />
      <ItemContent>
            <ItemHeader>
                  <Link
                        onlyActiveOnIndex={false}
                        style={Object {}}
                        to="/posts/5"
                  >
                        Hello, World!
                  </Link>
            </ItemHeader>
            <Meta />
      </ItemContent>
</Item>,
  ],
  "options": Object {},
  "renderer": ReactShallowRenderer {
    "_instance":  {
      "_calledComponentWillUnmount": false,
      "_compositeType": 2,
      "_context": Object {},
      "_currentElement": <BlogItem
        item={
                Object {
                        "id": 5,
                        "image": Object {
                          "alt": "Hello, World",
                          "src": "/images/World.jpg",
                        },
                        "title": "Hello, World!",
                      }
        }
/>,
      "_debugID": 35,
      "_hostContainerInfo": null,
      "_hostParent": null,
      "_instance": StatelessComponent {
        "_reactInternalInstance": [Circular],
        "context": Object {},
        "props": Object {
          "item": Object {
            "id": 5,
            "image": Object {
              "alt": "Hello, World",
              "src": "/images/World.jpg",
            },
            "title": "Hello, World!",
          },
        },
        "refs": Object {},
        "state": null,
        "updater": Object {
          "enqueueCallback": [Function],
          "enqueueCallbackInternal": [Function],
          "enqueueElementInternal": [Function],
          "enqueueForceUpdate": [Function],
          "enqueueReplaceState": [Function],
          "enqueueSetState": [Function],
          "isMounted": [Function],
          "validateCallback": [Function],
        },
      },
      "_mountOrder": 2,
      "_pendingCallbacks": null,
      "_pendingElement": null,
      "_pendingForceUpdate": false,
      "_pendingReplaceState": false,
      "_pendingStateQueue": null,
      "_renderedComponent": NoopInternalComponent {
        "_currentElement": <Item>
          <Image
                    alt="Hello, World"
                    as="img"
                    src="/images/World.jpg"
                    ui={true}
          />
          <ItemContent>
                    <ItemHeader>
                              <Link
                                        onlyActiveOnIndex={false}
                                        style={Object {}}
                                        to="/posts/5"
                              >
                                        Hello, World!
                              </Link>
                    </ItemHeader>
                    <Meta />
          </ItemContent>
</Item>,
        "_debugID": 36,
        "_renderedOutput": <Item>
          <Image
                    alt="Hello, World"
                    as="img"
                    src="/images/World.jpg"
                    ui={true}
          />
          <ItemContent>
                    <ItemHeader>
                              <Link
                                        onlyActiveOnIndex={false}
                                        style={Object {}}
                                        to="/posts/5"
                              >
                                        Hello, World!
                              </Link>
                    </ItemHeader>
                    <Meta />
          </ItemContent>
</Item>,
      },
      "_renderedNodeType": 1,
      "_rootNodeID": 0,
      "_topLevelWrapper": null,
      "_updateBatchNumber": null,
      "_warnedAboutRefsInRender": false,
    },
    "getRenderOutput": [Function],
    "render": [Function],
  },
  "root": [Circular],
  "unrendered": <BlogItem
    item={
        Object {
            "id": 5,
            "image": Object {
              "alt": "Hello, World",
              "src": "/images/World.jpg",
            },
            "title": "Hello, World!",
          }
    }
/>,
}
`;
